###############################################################################
#
# IAR ELF Linker V2.20.1.176 for STM8                     10/Nov/2019  12:37:25
# Copyright 2010-2015 IAR Systems AB.
#
#    Output file  =  E:\开发板\Stm8\Demo\Project\Debug\Exe\Demo.out
#    Map file     =  E:\开发板\Stm8\Demo\Project\Debug\List\Demo.map
#    Command line =  
#        E:\开发板\Stm8\Demo\Project\Debug\Obj\Beep.o
#        E:\开发板\Stm8\Demo\Project\Debug\Obj\main.o
#        E:\开发板\Stm8\Demo\Project\Debug\Obj\RC522.o
#        E:\开发板\Stm8\Demo\Project\Debug\Obj\Spi.o
#        E:\开发板\Stm8\Demo\Project\Debug\Obj\stm8l15x_adc.o
#        E:\开发板\Stm8\Demo\Project\Debug\Obj\stm8l15x_aes.o
#        E:\开发板\Stm8\Demo\Project\Debug\Obj\stm8l15x_beep.o
#        E:\开发板\Stm8\Demo\Project\Debug\Obj\stm8l15x_clk.o
#        E:\开发板\Stm8\Demo\Project\Debug\Obj\stm8l15x_comp.o
#        E:\开发板\Stm8\Demo\Project\Debug\Obj\stm8l15x_dac.o
#        E:\开发板\Stm8\Demo\Project\Debug\Obj\stm8l15x_dma.o
#        E:\开发板\Stm8\Demo\Project\Debug\Obj\stm8l15x_exti.o
#        E:\开发板\Stm8\Demo\Project\Debug\Obj\stm8l15x_flash.o
#        E:\开发板\Stm8\Demo\Project\Debug\Obj\stm8l15x_gpio.o
#        E:\开发板\Stm8\Demo\Project\Debug\Obj\stm8l15x_i2c.o
#        E:\开发板\Stm8\Demo\Project\Debug\Obj\stm8l15x_irtim.o
#        E:\开发板\Stm8\Demo\Project\Debug\Obj\stm8l15x_it.o
#        E:\开发板\Stm8\Demo\Project\Debug\Obj\stm8l15x_itc.o
#        E:\开发板\Stm8\Demo\Project\Debug\Obj\stm8l15x_iwdg.o
#        E:\开发板\Stm8\Demo\Project\Debug\Obj\stm8l15x_lcd.o
#        E:\开发板\Stm8\Demo\Project\Debug\Obj\stm8l15x_pwr.o
#        E:\开发板\Stm8\Demo\Project\Debug\Obj\stm8l15x_rst.o
#        E:\开发板\Stm8\Demo\Project\Debug\Obj\stm8l15x_rtc.o
#        E:\开发板\Stm8\Demo\Project\Debug\Obj\stm8l15x_spi.o
#        E:\开发板\Stm8\Demo\Project\Debug\Obj\stm8l15x_syscfg.o
#        E:\开发板\Stm8\Demo\Project\Debug\Obj\stm8l15x_tim1.o
#        E:\开发板\Stm8\Demo\Project\Debug\Obj\stm8l15x_tim2.o
#        E:\开发板\Stm8\Demo\Project\Debug\Obj\stm8l15x_tim3.o
#        E:\开发板\Stm8\Demo\Project\Debug\Obj\stm8l15x_tim4.o
#        E:\开发板\Stm8\Demo\Project\Debug\Obj\stm8l15x_tim5.o
#        E:\开发板\Stm8\Demo\Project\Debug\Obj\stm8l15x_usart.o
#        E:\开发板\Stm8\Demo\Project\Debug\Obj\stm8l15x_wfe.o
#        E:\开发板\Stm8\Demo\Project\Debug\Obj\stm8l15x_wwdg.o
#        E:\开发板\Stm8\Demo\Project\Debug\Obj\System.o
#        E:\开发板\Stm8\Demo\Project\Debug\Obj\Uart.o --redirect
#        _Printf=_PrintfSmall --redirect _Scanf=_ScanfSmall -o
#        E:\开发板\Stm8\Demo\Project\Debug\Exe\Demo.out --map
#        E:\开发板\Stm8\Demo\Project\Debug\List\Demo.map --config
#        "D:\Software\IAR Systems\Embedded Workbench STM8
#        2.2.0\stm8\config\lnkstm8l152k4.icf" --config_def _CSTACK_SIZE=0x100
#        --config_def _HEAP_SIZE=0x100 --entry __iar_program_start --debug_lib
#
###############################################################################

*******************************************************************************
*** RUNTIME MODEL ATTRIBUTES
***

__Heap_Handler             = Basic
__SystemLibrary            = DLib
__code_model               = small
__core                     = stm8
__data_model               = medium
__dlib_file_descriptor     = 1
__dlib_full_locale_support = 1
__rt_version               = 4


*******************************************************************************
*** PLACEMENT SUMMARY
***

"A1":  place at start of [0x000000-0x0000ff] { rw section .vregs };
"A2":  place at end of [0x000000-0x0007ff] { block CSTACK };
"A3":  place at start of [0x008000-0x00bfff] { block INTVEC };
"P3":  place in [from 0x008000 to 0x00bfff] {
          ro section __DLIB_PERTHREAD_init, ro section .far.data_init,
          ro section .far_func.textrw_init, ro section .huge.data_init,
          ro section .huge_func.textrw_init, ro section .iar.init_table,
          ro section .init_array, ro section .near.data_init,
          ro section .near.rodata, ro section .near_func.text,
          ro section .near_func.textrw_init, ro section .tiny.data_init,
          ro section .tiny.rodata_init };

  Section          Kind      Address   Size  Object
  -------          ----      -------   ----  ------
"A1":                                  0x10
  .vregs           uninit   0x000000   0x10  vregs.o [4]
                          - 0x000010   0x10

"A2":                                 0x100
  CSTACK                    0x000700  0x100  <Block>
    CSTACK         uninit   0x000700  0x100  <Block tail>
                          - 0x000800  0x100

"A3":                                  0x80
  INTVEC                    0x008000   0x80  <Block>
    .intvec        const    0x008000   0x80  interrupt.o [4]
                          - 0x008080   0x80

"P3":                                 0xe6d
  .near_func.text  ro code  0x008080  0x192  RC522.o [1]
  .near_func.text  ro code  0x008212   0xd9  stm8l15x_usart.o [1]
  .near_func.text  ro code  0x0082eb   0xd0  vreg_util.o [4]
  .near_func.text  ro code  0x0083bb   0xae  stm8l15x_gpio.o [1]
  .near_func.text  ro code  0x008469   0xab  RC522.o [1]
  .near_func.text  ro code  0x008514   0xa9  stm8l15x_usart.o [1]
  .near_func.text  ro code  0x0085bd   0x98  stm8l15x_clk.o [1]
  .near_func.text  ro code  0x008655   0x95  stm8l15x_usart.o [1]
  .near_func.text  ro code  0x0086ea   0x89  stm8l15x_clk.o [1]
  .near_func.text  ro code  0x008773   0x7a  stm8l15x_clk.o [1]
  .near_func.text  ro code  0x0087ed   0x78  RC522.o [1]
  .near_func.text  ro code  0x008865   0x6e  RC522.o [1]
  .near_func.text  ro code  0x0088d3   0x6d  long.o [4]
  .near_func.text  ro code  0x008940   0x62  stm8l15x_syscfg.o [1]
  .near_func.text  ro code  0x0089a2   0x4a  stm8l15x_spi.o [1]
  .near_func.text  ro code  0x0089ec   0x3f  main.o [1]
  .near_func.text  ro code  0x008a2b   0x3c  RC522.o [1]
  .near_func.text  ro code  0x008a67   0x3c  Spi.o [1]
  .near_func.text  ro code  0x008aa3   0x38  Uart.o [1]
  .near_func.text  ro code  0x008adb   0x37  stm8l15x_it.o [1]
  .near_func.text  ro code  0x008b12   0x30  RC522.o [1]
  .near_func.text  ro code  0x008b42   0x30  Spi.o [1]
  .near_func.text  ro code  0x008b72   0x2f  Spi.o [1]
  .near_func.text  ro code  0x008ba1   0x2b  short.o [4]
  .near_func.text  ro code  0x008bcc   0x28  stm8l15x_beep.o [1]
  .near_func.text  ro code  0x008bf4   0x25  RC522.o [1]
  .near_func.text  ro code  0x008c19   0x23  stm8l15x_spi.o [1]
  .near_func.text  ro code  0x008c3c   0x21  Beep.o [1]
  .near_func.text  ro code  0x008c5d   0x21  stm8l15x_exti.o [1]
  .near_func.text  ro code  0x008c7e   0x21  stm8l15x_usart.o [1]
  .near.rodata     const    0x008c9f   0x20  main.o [1]
  .near_func.text  ro code  0x008cbf   0x20  RC522.o [1]
  .near_func.text  ro code  0x008cdf   0x1f  stm8l15x_usart.o [1]
  .near_func.text  ro code  0x008cfe   0x1f  long_util.o [4]
  .near_func.text  ro code  0x008d1d   0x1e  RC522.o [1]
  .near_func.text  ro code  0x008d3b   0x1b  System.o [1]
  .near_func.text  ro code  0x008d56   0x19  RC522.o [1]
  .near_func.text  ro code  0x008d6f   0x19  stm8l15x_it.o [1]
  .near_func.text  ro code  0x008d88   0x18  RC522.o [1]
  .near_func.text  ro code  0x008da0   0x17  System.o [1]
  .near_func.text  ro code  0x008db7   0x17  init.o [4]
  .near_func.text  ro code  0x008dce   0x15  stm8l15x_spi.o [1]
  .near_func.text  ro code  0x008de3   0x14  __dbg_xxexit.o [3]
  .near_func.text  ro code  0x008df7   0x13  RC522.o [1]
  .near_func.text  ro code  0x008e0a   0x13  cstartup.o [4]
  .near_func.text  ro code  0x008e1d    0xf  Beep.o [1]
  .near_func.text  ro code  0x008e2c    0xf  Beep.o [1]
  .near_func.text  ro code  0x008e3b    0xf  RC522.o [1]
  .near_func.text  ro code  0x008e4a    0xd  stm8l15x_beep.o [1]
  .near_func.text  ro code  0x008e57    0xd  stm8l15x_clk.o [1]
  .near_func.text  ro code  0x008e64    0xd  stm8l15x_spi.o [1]
  .near_func.text  ro code  0x008e71    0xd  move.o [4]
  .near_func.text  ro code  0x008e7e    0x9  stm8l15x_beep.o [1]
  .near_func.text  ro code  0x008e87    0x8  Spi.o [1]
  .near_func.text  ro code  0x008e8f    0x8  Spi.o [1]
  .near.rodata     const    0x008e97    0x5  stm8l15x_clk.o [1]
  .near_func.text  ro code  0x008e9c    0x5  stm8l15x_spi.o [1]
  .near_func.text  ro code  0x008ea1    0x5  stm8l15x_spi.o [1]
  .near_func.text  ro code  0x008ea6    0x5  cexit.o [4]
  .near_func.text  ro code  0x008eab    0x4  stm8l15x_clk.o [1]
  .near_func.text  ro code  0x008eaf    0x4  stm8l15x_clk.o [1]
  .near_func.text  ro code  0x008eb3    0x4  stm8l15x_clk.o [1]
  .near_func.text  ro code  0x008eb7    0x4  stm8l15x_gpio.o [1]
  .near_func.text  ro code  0x008ebb    0x3  stm8l15x_gpio.o [1]
  .near_func.text  ro code  0x008ebe    0x3  stm8l15x_usart.o [1]
  .near_func.text  ro code  0x008ec1    0x3  stm8l15x_usart.o [1]
  .near_func.text  ro code  0x008ec4    0x3  interrupt.o [4]
  .near_func.text  ro code  0x008ec7    0x3  low_level_init.o [4]
  .near_func.text  ro code  0x008eca    0x3  exit.o [4]
  .near_func.text  ro code  0x008ecd    0x3  unhandled_exception.o [4]
  .near_func.text  ro code  0x008ed0    0x1  stm8l15x_it.o [1]
  .near_func.text  ro code  0x008ed1    0x1  stm8l15x_it.o [1]
  .near_func.text  ro code  0x008ed2    0x1  stm8l15x_it.o [1]
  .near_func.text  ro code  0x008ed3    0x1  stm8l15x_it.o [1]
  .near_func.text  ro code  0x008ed4    0x1  stm8l15x_it.o [1]
  .near_func.text  ro code  0x008ed5    0x1  stm8l15x_it.o [1]
  .near_func.text  ro code  0x008ed6    0x1  stm8l15x_it.o [1]
  .near_func.text  ro code  0x008ed7    0x1  stm8l15x_it.o [1]
  .near_func.text  ro code  0x008ed8    0x1  stm8l15x_it.o [1]
  .near_func.text  ro code  0x008ed9    0x1  stm8l15x_it.o [1]
  .near_func.text  ro code  0x008eda    0x1  stm8l15x_it.o [1]
  .near_func.text  ro code  0x008edb    0x1  stm8l15x_it.o [1]
  .near_func.text  ro code  0x008edc    0x1  stm8l15x_it.o [1]
  .near_func.text  ro code  0x008edd    0x1  stm8l15x_it.o [1]
  .near_func.text  ro code  0x008ede    0x1  stm8l15x_it.o [1]
  .near_func.text  ro code  0x008edf    0x1  stm8l15x_it.o [1]
  .near_func.text  ro code  0x008ee0    0x1  stm8l15x_it.o [1]
  .near_func.text  ro code  0x008ee1    0x1  stm8l15x_it.o [1]
  .near_func.text  ro code  0x008ee2    0x1  stm8l15x_it.o [1]
  .near_func.text  ro code  0x008ee3    0x1  stm8l15x_it.o [1]
  .near_func.text  ro code  0x008ee4    0x1  stm8l15x_it.o [1]
  .near_func.text  ro code  0x008ee5    0x1  stm8l15x_it.o [1]
  .near_func.text  ro code  0x008ee6    0x1  stm8l15x_it.o [1]
  .near_func.text  ro code  0x008ee7    0x1  stm8l15x_it.o [1]
  .near_func.text  ro code  0x008ee8    0x1  stm8l15x_it.o [1]
  .near_func.text  ro code  0x008ee9    0x1  stm8l15x_it.o [1]
  .near_func.text  ro code  0x008eea    0x1  stm8l15x_it.o [1]
  .near_func.text  ro code  0x008eeb    0x1  stm8l15x_it.o [1]
  .near_func.text  ro code  0x008eec    0x1  __dbg_break.o [3]
                          - 0x008eed  0xe6d



*******************************************************************************
*** MODULE SUMMARY
***

    Module                 ro code  ro data  rw data
    ------                 -------  -------  -------
E:\开发板\Stm8\Demo\Project\Debug\Obj: [1]
    Beep.o                      63
    RC522.o                  1 093
    Spi.o                      171
    System.o                    50
    Uart.o                      56
    main.o                      63       32
    stm8l15x_beep.o             62
    stm8l15x_clk.o             436        5
    stm8l15x_exti.o             33
    stm8l15x_gpio.o            181
    stm8l15x_it.o              108
    stm8l15x_spi.o             153
    stm8l15x_syscfg.o           98
    stm8l15x_usart.o           605
    ------------------------------------------------
    Total:                   3 172       37

command line: [2]
    ------------------------------------------------
    Total:

dbgstm8smd.a: [3]
    __dbg_break.o                1
    __dbg_xxexit.o              20
    ------------------------------------------------
    Total:                      21

dlstm8smf.a: [4]
    cexit.o                      5
    cstartup.o                  19
    exit.o                       3
    init.o                      23
    interrupt.o                  3      128
    long.o                     109
    long_util.o                 31
    low_level_init.o             3
    move.o                      13
    short.o                     43
    unhandled_exception.o        3
    vreg_util.o                208
    vregs.o                                       16
    ------------------------------------------------
    Total:                     463      128       16

    Linker created                               256
----------------------------------------------------
    Grand Total:             3 656      165      272


*******************************************************************************
*** ENTRY LIST
***

Entry                      Address   Size  Type      Object
-----                      -------   ----  ----      ------
?b0                       0x000000         Data  Gb  vregs.o [4]
?b1                       0x000001         Data  Gb  vregs.o [4]
?b10                      0x00000a         Data  Gb  vregs.o [4]
?b11                      0x00000b         Data  Gb  vregs.o [4]
?b12                      0x00000c         Data  Gb  vregs.o [4]
?b13                      0x00000d         Data  Gb  vregs.o [4]
?b14                      0x00000e         Data  Gb  vregs.o [4]
?b15                      0x00000f         Data  Gb  vregs.o [4]
?b2                       0x000002         Data  Gb  vregs.o [4]
?b3                       0x000003         Data  Gb  vregs.o [4]
?b4                       0x000004         Data  Gb  vregs.o [4]
?b5                       0x000005         Data  Gb  vregs.o [4]
?b6                       0x000006         Data  Gb  vregs.o [4]
?b7                       0x000007         Data  Gb  vregs.o [4]
?b8                       0x000008         Data  Gb  vregs.o [4]
?b9                       0x000009         Data  Gb  vregs.o [4]
?e0                       0x000001         Data  Gb  vregs.o [4]
?e1                       0x000005         Data  Gb  vregs.o [4]
?e2                       0x000009         Data  Gb  vregs.o [4]
?e3                       0x00000d         Data  Gb  vregs.o [4]
?epilogue_l2              0x00837f         Code  Gb  vreg_util.o [4]
?epilogue_l2_l3           0x00837c         Code  Gb  vreg_util.o [4]
?epilogue_w4              0x008383         Code  Gb  vreg_util.o [4]
?l0                       0x000000         Data  Gb  vregs.o [4]
?l1                       0x000004         Data  Gb  vregs.o [4]
?l2                       0x000008         Data  Gb  vregs.o [4]
?l3                       0x00000c         Data  Gb  vregs.o [4]
?load32_0x_l0             0x008d0f         Code  Gb  long_util.o [4]
?load32_asp_l0            0x008d03         Code  Gb  long_util.o [4]
?load32_dbsp_l0           0x008cfe         Code  Gb  long_util.o [4]
?load32_xsp_l0            0x008d05         Code  Gb  long_util.o [4]
?mov_e0_e2                0x00838a         Code  Gb  vreg_util.o [4]
?mov_e1_e3                0x008397         Code  Gb  vreg_util.o [4]
?mov_e2_e0                0x0083a4         Code  Gb  vreg_util.o [4]
?mov_e3_e0                0x0083b1         Code  Gb  vreg_util.o [4]
?mov_l0_l2                0x008387         Code  Gb  vreg_util.o [4]
?mov_l1_l3                0x008394         Code  Gb  vreg_util.o [4]
?mov_l2_l0                0x0083a1         Code  Gb  vreg_util.o [4]
?mov_l3_l0                0x0083ae         Code  Gb  vreg_util.o [4]
?mov_w1_w5                0x00838d         Code  Gb  vreg_util.o [4]
?mov_w3_w7                0x00839a         Code  Gb  vreg_util.o [4]
?mov_w5_w1                0x0083a7         Code  Gb  vreg_util.o [4]
?mov_w7_w1                0x0083b4         Code  Gb  vreg_util.o [4]
?move1616_v_x_y_a         0x008e71         Code  Gb  move.o [4]
?mul16_x_x_w0             0x008ba1         Code  Gb  short.o [4]
?pop_l0                   0x008348         Code  Gb  vreg_util.o [4]
?pop_l1                   0x008353         Code  Gb  vreg_util.o [4]
?pop_l2                   0x00835e         Code  Gb  vreg_util.o [4]
?pop_l3                   0x008369         Code  Gb  vreg_util.o [4]
?pop_w4                   0x008308         Code  Gb  vreg_util.o [4]
?push_l0                  0x008317         Code  Gb  vreg_util.o [4]
?push_l1                  0x00831c         Code  Gb  vreg_util.o [4]
?push_l2                  0x008321         Code  Gb  vreg_util.o [4]
?push_l3                  0x008326         Code  Gb  vreg_util.o [4]
?push_w1                  0x0082eb         Code  Gb  vreg_util.o [4]
?push_w4                  0x0082f0         Code  Gb  vreg_util.o [4]
?sll16_x_x_a              0x008bbf         Code  Gb  short.o [4]
?srl16_x_x_4              0x008bc7         Code  Gb  short.o [4]
?udiv32_l0_l0_l1          0x0088d3         Code  Gb  long.o [4]
?umod32_l1_l0_l1          0x0088d3         Code  Gb  long.o [4]
?w0                       0x000000         Data  Gb  vregs.o [4]
?w1                       0x000002         Data  Gb  vregs.o [4]
?w2                       0x000004         Data  Gb  vregs.o [4]
?w3                       0x000006         Data  Gb  vregs.o [4]
?w4                       0x000008         Data  Gb  vregs.o [4]
?w5                       0x00000a         Data  Gb  vregs.o [4]
?w6                       0x00000c         Data  Gb  vregs.o [4]
?w7                       0x00000e         Data  Gb  vregs.o [4]
ADC1_COMP_IRQHandler      0x008ee1    0x1  Code  Gb  stm8l15x_it.o [1]
BEEP_Cmd                  0x008e4a    0xd  Code  Gb  stm8l15x_beep.o [1]
BEEP_DeInit               0x008e7e    0x9  Code  Gb  stm8l15x_beep.o [1]
BEEP_Init                 0x008bcc   0x28  Code  Gb  stm8l15x_beep.o [1]
Beep                      0x008e1d    0xf  Code  Gb  Beep.o [1]
BeepInit                  0x008c3c   0x21  Code  Gb  Beep.o [1]
BeepLong                  0x008e2c    0xf  Code  Gb  Beep.o [1]
CLK_BEEPClockConfig       0x008eb3    0x4  Code  Gb  stm8l15x_clk.o [1]
CLK_GetClockFreq          0x008773   0x7a  Code  Gb  stm8l15x_clk.o [1]
CLK_GetFlagStatus         0x0085bd   0x98  Code  Gb  stm8l15x_clk.o [1]
CLK_PeripheralClockConfig
                          0x0086ea   0x89  Code  Gb  stm8l15x_clk.o [1]
CLK_SYSCLKDivConfig       0x008eaf    0x4  Code  Gb  stm8l15x_clk.o [1]
CLK_SYSCLKSourceConfig    0x008eab    0x4  Code  Gb  stm8l15x_clk.o [1]
CLK_SYSCLKSourceSwitchCmd
                          0x008e57    0xd  Code  Gb  stm8l15x_clk.o [1]
CSTACK$$Base              0x000700          --   Gb  - Linker created -
CSTACK$$Limit             0x000800          --   Gb  - Linker created -
CardReaderInit            0x008d88   0x18  Code  Gb  RC522.o [1]
ClearBitMask              0x008b12   0x27  Code  Gb  RC522.o [1]
ClockSwitch_HSI           0x008d3b   0x1b  Code  Gb  System.o [1]
DMA1_CHANNEL0_1_IRQHandler
                          0x008ed2    0x1  Code  Gb  stm8l15x_it.o [1]
DMA1_CHANNEL2_3_IRQHandler
                          0x008ed3    0x1  Code  Gb  stm8l15x_it.o [1]
EXTI0_IRQHandler          0x008ed8    0x1  Code  Gb  stm8l15x_it.o [1]
EXTI1_IRQHandler          0x008ed9    0x1  Code  Gb  stm8l15x_it.o [1]
EXTI2_IRQHandler          0x008eda    0x1  Code  Gb  stm8l15x_it.o [1]
EXTI3_IRQHandler          0x008edb    0x1  Code  Gb  stm8l15x_it.o [1]
EXTI4_IRQHandler          0x008edc    0x1  Code  Gb  stm8l15x_it.o [1]
EXTI5_IRQHandler          0x008edd    0x1  Code  Gb  stm8l15x_it.o [1]
EXTI6_IRQHandler          0x008d6f   0x19  Code  Gb  stm8l15x_it.o [1]
EXTI7_IRQHandler          0x008ede    0x1  Code  Gb  stm8l15x_it.o [1]
EXTIB_G_IRQHandler        0x008ed6    0x1  Code  Gb  stm8l15x_it.o [1]
EXTID_H_IRQHandler        0x008ed7    0x1  Code  Gb  stm8l15x_it.o [1]
EXTIE_F_PVD_IRQHandler    0x008ed5    0x1  Code  Gb  stm8l15x_it.o [1]
EXTI_ClearITPendingBit    0x008c5d   0x21  Code  Gb  stm8l15x_exti.o [1]
FLASH_IRQHandler          0x008ed1    0x1  Code  Gb  stm8l15x_it.o [1]
GPIO_Init                 0x0083bb   0xae  Code  Gb  stm8l15x_gpio.o [1]
GPIO_ResetBits            0x008eb7    0x4  Code  Gb  stm8l15x_gpio.o [1]
GPIO_SetBits              0x008ebb    0x3  Code  Gb  stm8l15x_gpio.o [1]
GetCardID                 0x008a2b   0x3c  Code  Gb  RC522.o [1]
I2C1_SPI2_IRQHandler      0x008eeb    0x1  Code  Gb  stm8l15x_it.o [1]
INTVEC$$Base              0x008000          --   Gb  - Linker created -
INTVEC$$Limit             0x008080          --   Gb  - Linker created -
LCD_AES_IRQHandler        0x008edf    0x1  Code  Gb  stm8l15x_it.o [1]
PcdAntennaOff             0x008b39    0x9  Code  Gb  RC522.o [1]
PcdAntennaOn              0x008d56   0x19  Code  Gb  RC522.o [1]
PcdAnticoll               0x008469   0xab  Code  Gb  RC522.o [1]
PcdComMF522               0x008080  0x192  Code  Gb  RC522.o [1]
PcdRequest                0x008865   0x6e  Code  Gb  RC522.o [1]
PcdReset                  0x0087ed   0x78  Code  Gb  RC522.o [1]
RC522_Init                0x008e3b    0xf  Code  Gb  RC522.o [1]
RTC_CSSLSE_IRQHandler     0x008ed4    0x1  Code  Gb  stm8l15x_it.o [1]
Rc522_RST                 0x008df7   0x13  Code  Gb  RC522.o [1]
ReadRawRC                 0x008cbf   0x20  Code  Gb  RC522.o [1]
Region$$Table$$Base     0x00000000          --   Gb  - Linker created -
Region$$Table$$Limit    0x00000000          --   Gb  - Linker created -
SPI1_IRQHandler           0x008ee9    0x1  Code  Gb  stm8l15x_it.o [1]
SPI_Cmd                   0x008e64    0xd  Code  Gb  stm8l15x_spi.o [1]
SPI_DeInit                0x008c19   0x23  Code  Gb  stm8l15x_spi.o [1]
SPI_GetFlagStatus         0x008dce   0x15  Code  Gb  stm8l15x_spi.o [1]
SPI_Init                  0x0089a2   0x4a  Code  Gb  stm8l15x_spi.o [1]
SPI_ReceiveData           0x008ea1    0x5  Code  Gb  stm8l15x_spi.o [1]
SPI_SendData              0x008e9c    0x5  Code  Gb  stm8l15x_spi.o [1]
SWITCH_CSS_BREAK_DAC_IRQHandler
                          0x008ee0    0x1  Code  Gb  stm8l15x_it.o [1]
SYSCFG_REMAPPinConfig     0x008940   0x62  Code  Gb  stm8l15x_syscfg.o [1]
SYSDivFactor              0x008e97    0x5  Data  Gb  stm8l15x_clk.o [1]
SetBitMask                0x008bf4   0x25  Code  Gb  RC522.o [1]
SpiCSHigh                 0x008e8f    0x8  Code  Gb  Spi.o [1]
SpiCSLow                  0x008e87    0x8  Code  Gb  Spi.o [1]
SpiInit                   0x008a67   0x3c  Code  Gb  Spi.o [1]
SpiPortInit               0x008b42   0x30  Code  Gb  Spi.o [1]
SpiSendRecv               0x008b72   0x2f  Code  Gb  Spi.o [1]
TIM1_CC_IRQHandler        0x008ee7    0x1  Code  Gb  stm8l15x_it.o [1]
TIM1_UPD_OVF_TRG_COM_IRQHandler
                          0x008ee6    0x1  Code  Gb  stm8l15x_it.o [1]
TIM2_CC_USART2_RX_IRQHandler
                          0x008ee3    0x1  Code  Gb  stm8l15x_it.o [1]
TIM2_UPD_OVF_TRG_BRK_USART2_TX_IRQHandler
                          0x008ee2    0x1  Code  Gb  stm8l15x_it.o [1]
TIM3_CC_USART3_RX_IRQHandler
                          0x008ee5    0x1  Code  Gb  stm8l15x_it.o [1]
TIM3_UPD_OVF_TRG_BRK_USART3_TX_IRQHandler
                          0x008ee4    0x1  Code  Gb  stm8l15x_it.o [1]
TIM4_UPD_OVF_TRG_IRQHandler
                          0x008ee8    0x1  Code  Gb  stm8l15x_it.o [1]
TRAP_IRQHandler           0x008ed0    0x1  Code  Gb  stm8l15x_it.o [1]
UART1_Init                0x008aa3   0x38  Code  Gb  Uart.o [1]
USART1_RX_TIM5_CC_IRQHandler
                          0x008adb   0x37  Code  Gb  stm8l15x_it.o [1]
USART1_TX_TIM5_UPD_OVF_TRG_BRK_IRQHandler
                          0x008eea    0x1  Code  Gb  stm8l15x_it.o [1]
USART_ClearITPendingBit
                          0x008cdf   0x1f  Code  Gb  stm8l15x_usart.o [1]
USART_Cmd                 0x008c7e   0x21  Code  Gb  stm8l15x_usart.o [1]
USART_GetITStatus         0x008514   0xa9  Code  Gb  stm8l15x_usart.o [1]
USART_ITConfig            0x008655   0x95  Code  Gb  stm8l15x_usart.o [1]
USART_Init                0x008212   0xd9  Code  Gb  stm8l15x_usart.o [1]
USART_ReceiveData8        0x008ebe    0x3  Code  Gb  stm8l15x_usart.o [1]
USART_SendData8           0x008ec1    0x3  Code  Gb  stm8l15x_usart.o [1]
WriteRawRC                0x008d1d   0x1e  Code  Gb  RC522.o [1]
__DebugBreak              0x008eec    0x1  Code  Gb  __dbg_break.o [3]
__exit                    0x008de3   0x14  Code  Gb  __dbg_xxexit.o [3]
__iar_data_init2          0x008db7   0x17  Code  Gb  init.o [4]
__iar_program_start       0x008e0a         Code  Gb  cstartup.o [4]
__iar_unhandled_exception
                          0x008ecd         Code  Gb  unhandled_exception.o [4]
__intvec                  0x008000         Data  Gb  interrupt.o [4]
__low_level_init          0x008ec7    0x3  Code  Gb  low_level_init.o [4]
_exit                     0x008ea6         Code  Gb  cexit.o [4]
_interrupt_1              0x008ed0         Code  Gb  stm8l15x_it.o [1]
_interrupt_10             0x008ed8         Code  Gb  stm8l15x_it.o [1]
_interrupt_11             0x008ed9         Code  Gb  stm8l15x_it.o [1]
_interrupt_12             0x008eda         Code  Gb  stm8l15x_it.o [1]
_interrupt_13             0x008edb         Code  Gb  stm8l15x_it.o [1]
_interrupt_14             0x008edc         Code  Gb  stm8l15x_it.o [1]
_interrupt_15             0x008edd         Code  Gb  stm8l15x_it.o [1]
_interrupt_16             0x008d6f         Code  Gb  stm8l15x_it.o [1]
_interrupt_17             0x008ede         Code  Gb  stm8l15x_it.o [1]
_interrupt_18             0x008edf         Code  Gb  stm8l15x_it.o [1]
_interrupt_19             0x008ee0         Code  Gb  stm8l15x_it.o [1]
_interrupt_20             0x008ee1         Code  Gb  stm8l15x_it.o [1]
_interrupt_21             0x008ee2         Code  Gb  stm8l15x_it.o [1]
_interrupt_22             0x008ee3         Code  Gb  stm8l15x_it.o [1]
_interrupt_23             0x008ee4         Code  Gb  stm8l15x_it.o [1]
_interrupt_24             0x008ee5         Code  Gb  stm8l15x_it.o [1]
_interrupt_25             0x008ee6         Code  Gb  stm8l15x_it.o [1]
_interrupt_26             0x008ee7         Code  Gb  stm8l15x_it.o [1]
_interrupt_27             0x008ee8         Code  Gb  stm8l15x_it.o [1]
_interrupt_28             0x008ee9         Code  Gb  stm8l15x_it.o [1]
_interrupt_29             0x008eea         Code  Gb  stm8l15x_it.o [1]
_interrupt_3              0x008ed1         Code  Gb  stm8l15x_it.o [1]
_interrupt_30             0x008adb         Code  Gb  stm8l15x_it.o [1]
_interrupt_31             0x008eeb         Code  Gb  stm8l15x_it.o [1]
_interrupt_4              0x008ed2         Code  Gb  stm8l15x_it.o [1]
_interrupt_5              0x008ed3         Code  Gb  stm8l15x_it.o [1]
_interrupt_6              0x008ed4         Code  Gb  stm8l15x_it.o [1]
_interrupt_7              0x008ed5         Code  Gb  stm8l15x_it.o [1]
_interrupt_8              0x008ed6         Code  Gb  stm8l15x_it.o [1]
_interrupt_9              0x008ed7         Code  Gb  stm8l15x_it.o [1]
delay                     0x008da0   0x17  Code  Gb  System.o [1]
exit                      0x008eca    0x3  Code  Gb  exit.o [4]
main                      0x0089ec   0x3f  Code  Gb  main.o [1]


[1] = E:\开发板\Stm8\Demo\Project\Debug\Obj
[2] = command line
[3] = dbgstm8smd.a
[4] = dlstm8smf.a

  3 656 bytes of readonly  code memory
    165 bytes of readonly  data memory
    272 bytes of readwrite data memory

Errors: none
Warnings: none
